NDS: ^23/05/06 10:41:44 !INFO <p:4989 w:standalone t:MainThread T:pytest_vgw.fixtures M:fixtures.py F:<module> FCID:22683d4_Init_i_0 L:51 > Loading vgw-test-utils version 1.0.1211
NDS: ^23/05/06 10:41:44 !INFO <p:4990 w:standalone t:MainThread T:pytest_vgw.fixtures M:fixtures.py F:<module> FCID:7d6fa31_Init_i_0 L:51 > Loading vgw-test-utils version 1.0.1211
NDS: ^23/07/08 12:46:50 !INFO <p:70278 w:standalone t:MainThread T:pytest_vgw.fixtures M:fixtures.py F:<module> FCID:11fec0d_Init_i_0 L:51 > Loading vgw-test-utils version 1.0.1211
NDS: ^23/07/08 12:46:50 !INFO <p:70279 w:standalone t:MainThread T:pytest_vgw.fixtures M:fixtures.py F:<module> FCID:91798ba_Init_i_0 L:51 > Loading vgw-test-utils version 1.0.1211
NDS: ^23/07/24 20:12:05 !INFO <p:22416 w:standalone t:MainThread T:pytest_vgw.fixtures M:fixtures.py F:<module> FCID:d3d1b68_Init_i_0 L:51 > Loading vgw-test-utils version 1.0.1211
NDS: ^23/07/24 20:12:05 !INFO <p:22415 w:standalone t:MainThread T:pytest_vgw.fixtures M:fixtures.py F:<module> FCID:98b4ca7_Init_i_0 L:51 > Loading vgw-test-utils version 1.0.1211
NDS: ^23/08/26 11:10:07 !INFO <p:11565 w:standalone t:MainThread T:pytest_vgw.fixtures M:fixtures.py F:<module> FCID:47ac114_Init_i_0 L:51 > Loading vgw-test-utils version 1.0.1211
NDS: ^23/08/26 11:10:07 !INFO <p:11560 w:standalone t:MainThread T:pytest_vgw.fixtures M:fixtures.py F:<module> FCID:732bfea_Init_i_0 L:51 > Loading vgw-test-utils version 1.0.1211
NDS: ^23/08/26 11:10:07 !INFO <p:11564 w:standalone t:MainThread T:pytest_vgw.fixtures M:fixtures.py F:<module> FCID:c4060f8_Init_i_0 L:51 > Loading vgw-test-utils version 1.0.1211
NDS: ^23/08/26 11:10:07 !INFO <p:11559 w:standalone t:MainThread T:pytest_vgw.fixtures M:fixtures.py F:<module> FCID:a06c20f_Init_i_0 L:51 > Loading vgw-test-utils version 1.0.1211
